// Vitest Snapshot v1, https://vitest.dev/guide/snapshot.html

exports[`ScrollRevealSection > renders correct DOM structure when in view 1`] = `
.c0 {
  display: block;
}

<div
  class="c0"
  data-testid="scroll-reveal"
>
  <div>
    Child
  </div>
</div>
`;
